#-----------------------------------------------------------
# Vivado v2024.2 (64-bit)
# SW Build 5239630 on Fri Nov 08 22:35:27 MST 2024
# IP Build 5239520 on Sun Nov 10 16:12:51 MST 2024
# SharedData Build 5239561 on Fri Nov 08 14:39:27 MST 2024
# Start of session at: Sat May  3 11:53:35 2025
# Process ID         : 18196
# Current directory  : C:/Users/Daniel/Desktop/75t484_x1/pcileech_75t484_x1
# Command line       : vivado.exe -gui_launcher_event rodinguilauncherevent9780 C:\Users\Daniel\Desktop\75t484_x1\pcileech_75t484_x1\pcileech_75t484_x1.xpr
# Log file           : C:/Users/Daniel/Desktop/75t484_x1/pcileech_75t484_x1/vivado.log
# Journal file       : C:/Users/Daniel/Desktop/75t484_x1/pcileech_75t484_x1\vivado.jou
# Running On         : DESKTOP-M45N1GG
# Platform           : Windows Server 2016 or Windows 10
# Operating System   : 19045
# Processor Detail   : AMD Ryzen 9 5950X 16-Core Processor            
# CPU Frequency      : 4566 MHz
# CPU Physical cores : 16
# CPU Logical cores  : 32
# Host memory        : 68617 MB
# Swap memory        : 10200 MB
# Total Virtual      : 78817 MB
# Available Virtual  : 64223 MB
#-----------------------------------------------------------
start_gui
open_project C:/Users/Daniel/Desktop/75t484_x1/pcileech_75t484_x1/pcileech_75t484_x1.xpr
Scanning sources...
Finished scanning sources
INFO: [IP_Flow 19-234] Refreshing IP repositories
INFO: [IP_Flow 19-1704] No user IP repositories specified
INFO: [IP_Flow 19-2313] Loaded Vivado IP repository 'C:/Xilinx/Vivado/2024.2/data/ip'.
open_project: Time (s): cpu = 00:00:13 ; elapsed = 00:00:11 . Memory (MB): peak = 1318.969 ; gain = 236.363
update_compile_order -fileset sources_1
false
invalid bareword "0xx00"
in expression "0x00 | 0xx00 | 0xFF0000";
should be "$0xx00" or "{0xx00}" or "0xx00(...)" or ...
false
false
invalid bareword "0xx00"
in expression "0x00 | 0xx00 | 0xFF0000";
should be "$0xx00" or "{0xx00}" or "0xx00(...)" or ...
false
false
invalid bareword "0xx00"
in expression "0x00 | 0xx00 | 0xFF0000";
should be "$0xx00" or "{0xx00}" or "0xx00(...)" or ...
false
can't use floating-point value as operand of "<<"
can't use floating-point value as operand of "<<"
can't use floating-point value as operand of "<<"
can't use floating-point value as operand of "<<"
can't use floating-point value as operand of "<<"
can't use floating-point value as operand of "<<"
can't use floating-point value as operand of "<<"
can't use floating-point value as operand of "<<"
can't use floating-point value as operand of "<<"
can't use floating-point value as operand of "<<"
can't use floating-point value as operand of "<<"
can't use floating-point value as operand of "<<"
can't use floating-point value as operand of "<<"
can't use floating-point value as operand of "<<"
can't use floating-point value as operand of "<<"
set_property -dict [list \
  CONFIG.Enable_ACK_NAK_Timer {false} \
  CONFIG.IntX_Generation {false} \
  CONFIG.Legacy_Interrupt {NONE} \
] [get_ips pcie_7x_0]
false
invalid bareword "0xx00"
in expression "0x00 | 0xx00 | 0xFF0000";
should be "$0xx00" or "{0xx00}" or "0xx00(...)" or ...
false
false
invalid bareword "0xx00"
in expression "0x00 | 0xx00 | 0xFF0000";
should be "$0xx00" or "{0xx00}" or "0xx00(...)" or ...
false
can't use floating-point value as operand of "<<"
can't use floating-point value as operand of "<<"
can't use floating-point value as operand of "<<"
can't use floating-point value as operand of "<<"
can't use floating-point value as operand of "<<"
can't use floating-point value as operand of "<<"
can't use floating-point value as operand of "<<"
set_property -dict [list \
  CONFIG.Bar0_Size {256} \
  CONFIG.Max_Payload_Size {1024_bytes} \
  CONFIG.PCIe_Blk_Locn {X0Y0} \
] [get_ips pcie_7x_0]
generate_target all [get_files  C:/Users/Daniel/Desktop/75t484_x1/pcileech_75t484_x1/pcileech_75t484_x1.srcs/sources_1/ip/pcie_7x_0/pcie_7x_0.xci]
INFO: [IP_Flow 19-1686] Generating 'Instantiation Template' target for IP 'pcie_7x_0'...
INFO: [IP_Flow 19-1686] Generating 'Synthesis' target for IP 'pcie_7x_0'...
INFO: [IP_Flow 19-1686] Generating 'Simulation' target for IP 'pcie_7x_0'...
INFO: [IP_Flow 19-1686] Generating 'Change Log' target for IP 'pcie_7x_0'...
catch { config_ip_cache -export [get_ips -all pcie_7x_0] }
INFO: [IP_Flow 19-6924] IPCACHE: Running cache check for IP inst: pcie_7x_0
export_ip_user_files -of_objects [get_files C:/Users/Daniel/Desktop/75t484_x1/pcileech_75t484_x1/pcileech_75t484_x1.srcs/sources_1/ip/pcie_7x_0/pcie_7x_0.xci] -no_script -sync -force -quiet
reset_run pcie_7x_0_synth_1
launch_runs pcie_7x_0_synth_1 -jobs 32
INFO: [IP_Flow 19-6924] IPCACHE: Running cache check for IP inst: pcie_7x_0
[Sat May  3 18:09:28 2025] Launched pcie_7x_0_synth_1...
Run output will be captured here: C:/Users/Daniel/Desktop/75t484_x1/pcileech_75t484_x1/pcileech_75t484_x1.runs/pcie_7x_0_synth_1/runme.log
export_simulation -lib_map_path [list {modelsim=C:/Users/Daniel/Desktop/75t484_x1/pcileech_75t484_x1/pcileech_75t484_x1.cache/compile_simlib/modelsim} {questa=C:/Users/Daniel/Desktop/75t484_x1/pcileech_75t484_x1/pcileech_75t484_x1.cache/compile_simlib/questa} {riviera=C:/Users/Daniel/Desktop/75t484_x1/pcileech_75t484_x1/pcileech_75t484_x1.cache/compile_simlib/riviera} {activehdl=C:/Users/Daniel/Desktop/75t484_x1/pcileech_75t484_x1/pcileech_75t484_x1.cache/compile_simlib/activehdl}] -of_objects [get_files C:/Users/Daniel/Desktop/75t484_x1/pcileech_75t484_x1/pcileech_75t484_x1.srcs/sources_1/ip/pcie_7x_0/pcie_7x_0.xci] -directory C:/Users/Daniel/Desktop/75t484_x1/pcileech_75t484_x1/pcileech_75t484_x1.ip_user_files/sim_scripts -ip_user_files_dir C:/Users/Daniel/Desktop/75t484_x1/pcileech_75t484_x1/pcileech_75t484_x1.ip_user_files -ipstatic_source_dir C:/Users/Daniel/Desktop/75t484_x1/pcileech_75t484_x1/pcileech_75t484_x1.ip_user_files/ipstatic -use_ip_compiled_libs -force -quiet
reset_run synth_1
INFO: [Project 1-1161] Replacing file C:/Users/Daniel/Desktop/75t484_x1/pcileech_75t484_x1/pcileech_75t484_x1.srcs/utils_1/imports/synth_1/pcileech_75t484_x1_top.dcp with file C:/Users/Daniel/Desktop/75t484_x1/pcileech_75t484_x1/pcileech_75t484_x1.runs/synth_1/pcileech_75t484_x1_top.dcp
WARNING: [Vivado 12-1017] Problems encountered:
1. Failed to delete one or more files in run directory C:/Users/Daniel/Desktop/75t484_x1/pcileech_75t484_x1/pcileech_75t484_x1.runs/synth_1

launch_runs impl_1 -to_step write_bitstream -jobs 32
[Sat May  3 18:09:41 2025] Launched pcie_7x_0_synth_1, synth_1...
Run output will be captured here:
pcie_7x_0_synth_1: C:/Users/Daniel/Desktop/75t484_x1/pcileech_75t484_x1/pcileech_75t484_x1.runs/pcie_7x_0_synth_1/runme.log
synth_1: C:/Users/Daniel/Desktop/75t484_x1/pcileech_75t484_x1/pcileech_75t484_x1.runs/synth_1/runme.log
[Sat May  3 18:09:41 2025] Launched impl_1...
Run output will be captured here: C:/Users/Daniel/Desktop/75t484_x1/pcileech_75t484_x1/pcileech_75t484_x1.runs/impl_1/runme.log
open_run impl_1
INFO: [Device 21-403] Loading part xc7a75tfgg484-2
Netlist sorting complete. Time (s): cpu = 00:00:00 ; elapsed = 00:00:00.477 . Memory (MB): peak = 1627.383 ; gain = 0.000
INFO: [Netlist 29-17] Analyzing 1274 Unisim elements for replacement
INFO: [Netlist 29-28] Unisim Transformation completed in 0 CPU seconds
INFO: [Project 1-479] Netlist was created with Vivado 2024.2
INFO: [Project 1-570] Preparing netlist for logic optimization
Read ShapeDB Complete: Time (s): cpu = 00:00:00 ; elapsed = 00:00:00.043 . Memory (MB): peak = 1762.191 ; gain = 3.852
INFO: [Timing 38-478] Restoring timing data from binary archive.
INFO: [Timing 38-479] Binary timing data restore complete.
INFO: [Project 1-856] Restoring constraints from binary archive.
INFO: [Project 1-853] Binary constraint restore complete.
INFO: [Designutils 20-5722] Start Reading Physical Databases.
Reading placement.
Read Netlist Cache: Time (s): cpu = 00:00:00 ; elapsed = 00:00:00.015 . Memory (MB): peak = 2418.516 ; gain = 0.000
Reading placer database...
Read Device Cache: Time (s): cpu = 00:00:00 ; elapsed = 00:00:00.007 . Memory (MB): peak = 2418.516 ; gain = 0.000
Read PlaceDB: Time (s): cpu = 00:00:01 ; elapsed = 00:00:00.671 . Memory (MB): peak = 2418.516 ; gain = 0.000
Read PulsedLatchDB: Time (s): cpu = 00:00:00 ; elapsed = 00:00:00 . Memory (MB): peak = 2418.516 ; gain = 0.000
Reading routing.
Read RouteStorage: Time (s): cpu = 00:00:00 ; elapsed = 00:00:00.196 . Memory (MB): peak = 2418.516 ; gain = 0.000
Read Physdb Files: Time (s): cpu = 00:00:01 ; elapsed = 00:00:00.900 . Memory (MB): peak = 2418.516 ; gain = 0.000
Restored from archive | CPU: 1.000000 secs | Memory: 0.000000 MB |
Finished XDEF File Restore: Time (s): cpu = 00:00:01 ; elapsed = 00:00:00.901 . Memory (MB): peak = 2418.516 ; gain = 0.000
Netlist sorting complete. Time (s): cpu = 00:00:00 ; elapsed = 00:00:00.006 . Memory (MB): peak = 2418.516 ; gain = 0.000
INFO: [Project 1-111] Unisim Transformation Summary:
  A total of 445 instances were transformed.
  IOBUF => IOBUF (IBUF, OBUFT): 32 instances
  RAM32M => RAM32M (RAMD32(x6), RAMS32(x2)): 57 instances
  RAM32X1D => RAM32X1D (RAMD32(x2)): 2 instances
  RAM64M => RAM64M (RAMD64E(x4)): 334 instances
  RAM64X1D => RAM64X1D (RAMD64E(x2)): 20 instances

open_run: Time (s): cpu = 00:00:43 ; elapsed = 00:00:18 . Memory (MB): peak = 2925.238 ; gain = 1316.727
open_report: Time (s): cpu = 00:00:08 ; elapsed = 00:00:06 . Memory (MB): peak = 3377.105 ; gain = 451.867
WARNING: [Timing 38-436] There are set_bus_skew constraint(s) in this design. Please run report_bus_skew to ensure that bus skew requirements are met.
exit
INFO: [Common 17-206] Exiting Vivado at Sat May  3 18:43:00 2025...
