#-----------------------------------------------------------
# Vivado v2024.2 (64-bit)
# SW Build 5239630 on Fri Nov 08 22:35:27 MST 2024
# IP Build 5239520 on Sun Nov 10 16:12:51 MST 2024
# SharedData Build 5239561 on Fri Nov 08 14:39:27 MST 2024
# Start of session at: Sat May  3 01:35:06 2025
# Process ID         : 5824
# Current directory  : C:/Users/Daniel/Desktop/75t484_x1/pcileech_75t484_x1
# Command line       : vivado.exe -gui_launcher_event rodinguilauncherevent12204 C:\Users\Daniel\Desktop\75t484_x1\pcileech_75t484_x1\pcileech_75t484_x1.xpr
# Log file           : C:/Users/Daniel/Desktop/75t484_x1/pcileech_75t484_x1/vivado.log
# Journal file       : C:/Users/Daniel/Desktop/75t484_x1/pcileech_75t484_x1\vivado.jou
# Running On         : DESKTOP-M45N1GG
# Platform           : Windows Server 2016 or Windows 10
# Operating System   : 19045
# Processor Detail   : AMD Ryzen 9 5950X 16-Core Processor            
# CPU Frequency      : 4566 MHz
# CPU Physical cores : 16
# CPU Logical cores  : 32
# Host memory        : 68617 MB
# Swap memory        : 10200 MB
# Total Virtual      : 78817 MB
# Available Virtual  : 67250 MB
#-----------------------------------------------------------
start_gui
open_project C:/Users/Daniel/Desktop/75t484_x1/pcileech_75t484_x1/pcileech_75t484_x1.xpr
Scanning sources...
Finished scanning sources
INFO: [IP_Flow 19-234] Refreshing IP repositories
INFO: [IP_Flow 19-1704] No user IP repositories specified
INFO: [IP_Flow 19-2313] Loaded Vivado IP repository 'C:/Xilinx/Vivado/2024.2/data/ip'.
open_project: Time (s): cpu = 00:00:14 ; elapsed = 00:00:10 . Memory (MB): peak = 1309.090 ; gain = 235.957
update_compile_order -fileset sources_1
false
invalid bareword "0xx00"
in expression "0x00 | 0xx00 | 0xFF0000";
should be "$0xx00" or "{0xx00}" or "0xx00(...)" or ...
false
false
invalid bareword "0xx00"
in expression "0x00 | 0xx00 | 0xFF0000";
should be "$0xx00" or "{0xx00}" or "0xx00(...)" or ...
false
false
invalid bareword "0xx00"
in expression "0x00 | 0xx00 | 0xFF0000";
should be "$0xx00" or "{0xx00}" or "0xx00(...)" or ...
false
can't use floating-point value as operand of "<<"
can't use floating-point value as operand of "<<"
can't use floating-point value as operand of "<<"
can't use floating-point value as operand of "<<"
can't use floating-point value as operand of "<<"
can't use floating-point value as operand of "<<"
can't use floating-point value as operand of "<<"
can't use floating-point value as operand of "<<"
can't use floating-point value as operand of "<<"
can't use floating-point value as operand of "<<"
can't use floating-point value as operand of "<<"
set_property -dict [list \
  CONFIG.Bar0_Size {64} \
  CONFIG.Bar3_Enabled {false} \
  CONFIG.Bar3_Scale {Kilobytes} \
  CONFIG.Bar3_Size {2} \
  CONFIG.Bar3_Type {N/A} \
  CONFIG.MSIx_PBA_BIR {BAR_0} \
  CONFIG.MSIx_Table_BIR {BAR_0} \
  CONFIG.RBAR_Num {0} \
] [get_ips pcie_7x_0]
generate_target all [get_files  C:/Users/Daniel/Desktop/75t484_x1/pcileech_75t484_x1/pcileech_75t484_x1.srcs/sources_1/ip/pcie_7x_0/pcie_7x_0.xci]
INFO: [IP_Flow 19-1686] Generating 'Instantiation Template' target for IP 'pcie_7x_0'...
INFO: [IP_Flow 19-1686] Generating 'Synthesis' target for IP 'pcie_7x_0'...
INFO: [IP_Flow 19-1686] Generating 'Simulation' target for IP 'pcie_7x_0'...
INFO: [IP_Flow 19-1686] Generating 'Change Log' target for IP 'pcie_7x_0'...
catch { config_ip_cache -export [get_ips -all pcie_7x_0] }
INFO: [IP_Flow 19-6924] IPCACHE: Running cache check for IP inst: pcie_7x_0
export_ip_user_files -of_objects [get_files C:/Users/Daniel/Desktop/75t484_x1/pcileech_75t484_x1/pcileech_75t484_x1.srcs/sources_1/ip/pcie_7x_0/pcie_7x_0.xci] -no_script -sync -force -quiet
reset_run pcie_7x_0_synth_1
launch_runs pcie_7x_0_synth_1 -jobs 32
INFO: [IP_Flow 19-6924] IPCACHE: Running cache check for IP inst: pcie_7x_0
[Sat May  3 01:44:07 2025] Launched pcie_7x_0_synth_1...
Run output will be captured here: C:/Users/Daniel/Desktop/75t484_x1/pcileech_75t484_x1/pcileech_75t484_x1.runs/pcie_7x_0_synth_1/runme.log
export_simulation -lib_map_path [list {modelsim=C:/Users/Daniel/Desktop/75t484_x1/pcileech_75t484_x1/pcileech_75t484_x1.cache/compile_simlib/modelsim} {questa=C:/Users/Daniel/Desktop/75t484_x1/pcileech_75t484_x1/pcileech_75t484_x1.cache/compile_simlib/questa} {riviera=C:/Users/Daniel/Desktop/75t484_x1/pcileech_75t484_x1/pcileech_75t484_x1.cache/compile_simlib/riviera} {activehdl=C:/Users/Daniel/Desktop/75t484_x1/pcileech_75t484_x1/pcileech_75t484_x1.cache/compile_simlib/activehdl}] -of_objects [get_files C:/Users/Daniel/Desktop/75t484_x1/pcileech_75t484_x1/pcileech_75t484_x1.srcs/sources_1/ip/pcie_7x_0/pcie_7x_0.xci] -directory C:/Users/Daniel/Desktop/75t484_x1/pcileech_75t484_x1/pcileech_75t484_x1.ip_user_files/sim_scripts -ip_user_files_dir C:/Users/Daniel/Desktop/75t484_x1/pcileech_75t484_x1/pcileech_75t484_x1.ip_user_files -ipstatic_source_dir C:/Users/Daniel/Desktop/75t484_x1/pcileech_75t484_x1/pcileech_75t484_x1.ip_user_files/ipstatic -use_ip_compiled_libs -force -quiet
reset_run synth_1
INFO: [Project 1-1160] Copying file C:/Users/Daniel/Desktop/75t484_x1/pcileech_75t484_x1/pcileech_75t484_x1.runs/synth_1/pcileech_75t484_x1_top.dcp to C:/Users/Daniel/Desktop/75t484_x1/pcileech_75t484_x1/pcileech_75t484_x1.srcs/utils_1/imports/synth_1 and adding it to utils fileset
launch_runs impl_1 -to_step write_bitstream -jobs 32
[Sat May  3 01:45:41 2025] Launched synth_1...
Run output will be captured here: C:/Users/Daniel/Desktop/75t484_x1/pcileech_75t484_x1/pcileech_75t484_x1.runs/synth_1/runme.log
[Sat May  3 01:45:41 2025] Launched impl_1...
Run output will be captured here: C:/Users/Daniel/Desktop/75t484_x1/pcileech_75t484_x1/pcileech_75t484_x1.runs/impl_1/runme.log
